<html>
<body>
<pre>
<h1>µVision Build Log</h1>
<h2>Project:</h2>
C:\Users\Mateo\Desktop\IEEE256_H052F\Lab7\LD_Ludo\LD_Ludo.uvproj
Project File Date:  11/04/2021

<h2>Output:</h2>
Build target 'ld_Ludo'
compiling main.c...
linking...
Program Size: Code=2008 RO-data=32 RW-data=4 ZI-data=1028  
".\LD_Ludo.axf" - 0 Error(s), 0 Warning(s).
</pre>
</body>
</html>
g, 0 errors
linking...
.\LD_Ludo.axf: Error: L6218E: Undefined symbol ConfigPuertoF (referred from main.o).
Not enough information to list image symbols.
Finished: 1 information, 0 warning and 1 error messages.
".\LD_Ludo.axf" - 1 Error(s), 1 Warning(s).
Target not created
rogram Size: Code=1876 RO-data=32 RW-data=4 ZI-data=1028  
".\LD_Ludo.axf" - 0 Error(s), 2 Warning(s).
suma1, suma2, suma11, suma22;
main.c: 3 warnings, 0 errors
linking...
Program Size: Code=1824 RO-data=32 RW-data=4 ZI-data=1028  
".\LD_Ludo.axf" - 0 Error(s), 3 Warning(s).
ro4, suma1, suma2, suma11, suma22;
main.c: 3 warnings, 2 errors
".\LD_Ludo.axf" - 2 Error(s), 3 Warning(s).
Target not created
