<html>
<body>
<pre>
<h1>µVision Build Log</h1>
<h2>Project:</h2>
C:\Users\MATEO\Desktop\IEE256_H052F\Lab1_PL\Parpadeo_3_Leds.uvproj
Project File Date:  09/09/2021

<h2>Output:</h2>
Build target 'Parpadeo_3_Leds'
linking...
Program Size: Code=964 RO-data=16 RW-data=0 ZI-data=1024  
".\Parpadeo_3_Leds.axf" - 0 Error(s), 0 Warning(s).
linking...
Program Size: Code=964 RO-data=16 RW-data=0 ZI-data=1024  
".\Parpadeo_3_Leds.axf" - 0 Error(s), 1 Warning(s).
56 RO-data=16 RW-data=0 ZI-data=1024  
".\Parpadeo_3_Leds.axf" - 0 Error(s), 2 Warning(s).
Error(s), 2 Warning(s).
